ericuberman@Erics-MBP labs % git clone git@github.com:euberman/ruby-oo-practice-relationships-silicon-valley-exercise.git
Cloning into 'ruby-oo-practice-relationships-silicon-valley-exercise'...
remote: Enumerating objects: 51, done.
remote: Counting objects: 100% (51/51), done.
remote: Compressing objects: 100% (25/25), done.
remote: Total 51 (delta 19), reused 49 (delta 17), pack-reused 0
Receiving objects: 100% (51/51), 9.30 KiB | 1.86 MiB/s, done.
Resolving deltas: 100% (19/19), done.

ericuberman@Erics-MBP labs % cd ruby-oo-practice-relationships-silicon-valley-exercise

ericuberman@Erics-MBP ruby-oo-practice-relationships-silicon-valley-exercise % learn
This directory doesn't appear to have any specs in it, so there’s no test to run.
If you are working on Canvas, this assignment has been submitted. You can resubmit by running `learn test` again.

ericuberman@Erics-MBP ruby-oo-practice-relationships-silicon-valley-exercise % ruby ./tools/console.rb
Could not find gem 'require_all' in any of the gem sources listed in your Gemfile.
Run `bundle install` to install missing gems.

ericuberman@Erics-MBP ruby-oo-practice-relationships-silicon-valley-exercise % bundle install
Fetching gem metadata from https://rubygems.org/.......
Resolving dependencies...
Using bundler 2.1.4
Using coderay 1.1.3
Using method_source 1.0.0
Using pry 0.13.1
Fetching require_all 3.0.0
Installing require_all 3.0.0
Bundle complete! 2 Gemfile dependencies, 5 gems now installed.
Use `bundle info [gemname]` to see where a bundled gem is installed.

ericuberman@Erics-MBP ruby-oo-practice-relationships-silicon-valley-exercise % ruby ./tools/console.rb

ericuberman@Erics-MBP ruby-oo-practice-relationships-silicon-valley-exercise % git add .

ericuberman@Erics-MBP ruby-oo-practice-relationships-silicon-valley-exercise % git push origin master
Everything up-to-date

ericuberman@Erics-MBP ruby-oo-practice-relationships-silicon-valley-exercise % git status
On branch master
Your branch is ahead of 'origin/master' by 1 commit.
  (use "git push" to publish your local commits)
nothing to commit, working tree clean

ericuberman@Erics-MBP ruby-oo-practice-relationships-silicon-valley-exercise % git add .

ericuberman@Erics-MBP ruby-oo-practice-relationships-silicon-valley-exercise % git commit -m "Initial Commit"
[master 4e89b27] Initial Commit
 2 files changed, 5 insertions(+), 5 deletions(-)

ericuberman@Erics-MBP ruby-oo-practice-relationships-silicon-valley-exercise % git remote
origin

ericuberman@Erics-MBP ruby-oo-practice-relationships-silicon-valley-exercise % git remote -v
origin  git@github.com:euberman/ruby-oo-practice-relationships-silicon-valley-exercise.git (fetch)
origin  git@github.com:euberman/ruby-oo-practice-relationships-silicon-valley-exercise.git (push)

ericuberman@Erics-MBP ruby-oo-practice-relationships-silicon-valley-exercise % git push -u origin master
Enumerating objects: 23, done.
Counting objects: 100% (23/23), done.
Delta compression using up to 12 threads
Compressing objects: 100% (12/12), done.
Writing objects: 100% (15/15), 2.72 KiB | 278.00 KiB/s, done.
Total 15 (delta 4), reused 0 (delta 0), pack-reused 0
remote: Resolving deltas: 100% (4/4), completed with 1 local object.
To github.com:euberman/ruby-oo-practice-relationships-silicon-valley-exercise.git
   332ec65..4e89b27  master -> master
Branch 'master' set up to track remote branch 'master' from 'origin'.

ericuberman@Erics-MBP ruby-oo-practice-relationships-silicon-valley-exercise % learn submit
Adding changes...
Committing changes...
It looks like you have no changes to commit. Will still try updating your submission...
Pushing changes to GitHub...
Submitting lesson...
Hmm...this doesn't appear to be a Learn lesson. Are you in the right directory?

ericuberman@Erics-MBP ruby-oo-practice-relationships-silicon-valley-exercise % 